Command: pnpm --filter @openwork/desktop package:electron

> @openwork/desktop@0.13.12 package:electron D:\openwork\apps\desktop
> pnpm run build:electron && pnpm exec electron-builder --config electron-builder.yml

OpenCode sidecar already present (1.14.38).
> openwork-server@0.13.12 build D:\openwork\apps\server
> tsc -p tsconfig.json

> @openwork/app@0.13.12 build D:\openwork\apps\app
> vite build

✓ built in 7.42s
Electron desktop bridge covers 50 renderer methods.
{
  "ok": true,
  "renderer": "apps/app/dist",
  "electronMain": "apps/desktop/electron/main.mjs",
  "electronPreload": "apps/desktop/electron/preload.mjs"
}
• electron-builder  version=25.1.8 os=10.0.26200
• loaded configuration  file=D:\openwork\apps\desktop\electron-builder.yml
• packaging       platform=win32 arch=x64 electron=35.7.5 appOutDir=dist-electron\win-unpacked
• building        target=nsis file=dist-electron\openwork-win-x64-0.13.12.exe archs=x64 oneClick=true perMachine=false
• building block map  blockMapFile=dist-electron\openwork-win-x64-0.13.12.exe.blockmap

Installer metadata:
FullName: D:\openwork\apps\desktop\dist-electron\openwork-win-x64-0.13.12.exe
Length: 231422500
LastWriteTime: 2026-05-26 20:43:14
