$ ssh -i "C:/Users/Admin/.ssh/codenomad_vm" codenomad@192.168.1.51 "git -c safe.directory=/srv/openwork -C /srv/openwork log --oneline -1"
63196ada fix: TASK-2026-05-26-007 restore signup worker launch

$ ssh -i "C:/Users/Admin/.ssh/codenomad_vm" codenomad@192.168.1.51 "sudo git -c safe.directory=/srv/openwork -C /srv/openwork fetch origin dev-0.13.13-integration && sudo git -c safe.directory=/srv/openwork -C /srv/openwork show --no-patch --oneline fe786b640"
From https://github.com/Pagecran/openwork
 * branch              dev-0.13.13-integration -> FETCH_HEAD
fe786b64 fix: TASK-2026-05-26-020 filter managed OAuth models

$ ssh -i "C:/Users/Admin/.ssh/codenomad_vm" codenomad@192.168.1.51 "sudo git -c safe.directory=/srv/openwork -C /srv/openwork checkout fe786b640 -- apps/server/src/server.ts apps/server/src/managed-provider-sync.e2e.test.ts && grep -n "filterManagedProviderListResponse\|readManagedProviderModelAllowlist\|filterProviderListModels" /srv/openwork/apps/server/src/server.ts"
708:    return filterManagedProviderListResponse(workspace.path, response);
718:async function filterManagedProviderListResponse(workspaceRoot: string, response: Response): Promise<Response> {
731:    allowedModelsByProvider = await readManagedProviderModelAllowlist(workspaceRoot);
737:  return proxyJsonResponse(response, filterProviderListModels(data, allowedModelsByProvider));
740:async function readManagedProviderModelAllowlist(workspaceRoot: string): Promise<Map<string, Set<string>>> {
758:function filterProviderListModels(data: unknown, allowedModelsByProvider: Map<string, Set<string>>): unknown {

$ ssh -i "C:/Users/Admin/.ssh/codenomad_vm" codenomad@192.168.1.51 "sudo docker-compose --env-file /srv/openwork/deploy/worker-158.env -f /srv/openwork/packaging/docker/docker-compose.yml -p openwork-worker-158 up --build -d --force-recreate openwork-host"
Building openwork-host
Sending build context to Docker daemon  61.13MB

Step 1/12 : FROM oven/bun:1.2.20
 ---> 90a139d39b64
Step 2/12 : WORKDIR /repo
 ---> Using cache
 ---> d98b644d0ca5
Step 3/12 : RUN apt-get update   && apt-get install -y --no-install-recommends     ca-certificates     curl     git     nodejs     npm     tar     unzip   && npm install -g pnpm@10.27.0   && rm -rf /var/lib/apt/lists/*
 ---> Using cache
 ---> 490c97c3dca1
Step 4/12 : COPY . .
 ---> Using cache
 ---> 95419846ecd2
Step 5/12 : RUN pnpm install --frozen-lockfile
 ---> Using cache
 ---> 360f4c2e9213
Step 6/12 : ENV OPENWORK_DATA_DIR=/data/openwork-orchestrator
 ---> Using cache
 ---> 51e7fe887974
Step 7/12 : ENV OPENWORK_SIDECAR_DIR=/data/sidecars
 ---> Using cache
 ---> 0ee82e812a97
Step 8/12 : ENV OPENWORK_WORKSPACE=/workspace
 ---> Using cache
 ---> 7c05b28d666c
Step 9/12 : EXPOSE 8787
 ---> Using cache
 ---> fd96081aa05e
Step 10/12 : EXPOSE 3005
 ---> Using cache
 ---> 27e12232f204
Step 11/12 : VOLUME ["/workspace", "/data"]
 ---> Using cache
 ---> 9c4cf5ed0ed4
Step 12/12 : CMD [   "sh",   "-lc",   "TOKEN_FILE=/data/openwork-worker.env; if [ -f \"$TOKEN_FILE\" ]; then . \"$TOKEN_FILE\"; fi; if [ -z \"${OPENWORK_TOKEN:-}\" ]; then OPENWORK_TOKEN=owc_$(node -e \"console.log(require('crypto').randomBytes(32).toString('base64url'))\"); export OPENWORK_TOKEN; fi; if [ -z \"${OPENWORK_HOST_TOKEN:-}\" ]; then OPENWORK_HOST_TOKEN=owh_$(node -e \"console.log(require('crypto').randomBytes(32).toString('base64url'))\"); export OPENWORK_HOST_TOKEN; fi; umask 077; printf 'OPENWORK_TOKEN=%s\\nOPENWORK_HOST_TOKEN=%s\\n' \"$OPENWORK_TOKEN\" \"$OPENWORK_HOST_TOKEN\" > \"$TOKEN_FILE\"; echo \"OpenWork worker tokens are stored in $TOKEN_FILE\"; bun apps/orchestrator/src/cli.ts serve --workspace /workspace --remote-access --openwork-port ${OPENWORK_PORT:-8787} --opencode-host 127.0.0.1 --opencode-port 4096 --connect-host ${OPENWORK_CONNECT_HOST:-127.0.0.1} --cors ${OPENWORK_CORS_ORIGINS:-'*'} --approval ${OPENWORK_APPROVAL_MODE:-manual} --allow-external --sidecar-source external --openwork-server-bin /repo/apps/server/bin/openwork-server.mjs --no-opencode-router" ]
 ---> Using cache
 ---> 1afadd62b26b
Successfully built 1afadd62b26b
Successfully tagged openwork-worker-158_openwork-host:latest
Recreating openwork-worker-158_openwork-host_1 ... 
Recreating openwork-worker-158_openwork-host_1 ... done

$ ssh -i "C:/Users/Admin/.ssh/codenomad_vm" codenomad@192.168.1.51 "docker top openwork-worker-158_openwork-host_1 -eo pid,args"
PID                 COMMAND
<sanitized>             sh -lc TOKEN_FILE=/data/openwork-worker.env; if [ -f "$TOKEN_FILE" ]; then . "$TOKEN_FILE"; fi; if [ -z "${OPENWORK_TOKEN:-}" ]; then OPENWORK_TOKEN=owc_$(node -e "console.log(require('crypto').randomBytes(32).toString('base64url'))"); export OPENWORK_TOKEN; fi; if [ -z "${OPENWORK_HOST_TOKEN:-}" ]; then OPENWORK_HOST_TOKEN=owh_$(node -e "console.log(require('crypto').randomBytes(32).toString('base64url'))"); export OPENWORK_HOST_TOKEN; fi; umask 077; printf 'OPENWORK_TOKEN=%s\nOPENWORK_HOST_TOKEN=%s\n' "$OPENWORK_TOKEN" "$OPENWORK_HOST_TOKEN" > "$TOKEN_FILE"; echo "OpenWork worker tokens are stored in $TOKEN_FILE"; bun apps/orchestrator/src/cli.ts serve --workspace /workspace --remote-access --openwork-port ${OPENWORK_PORT:-8787} --opencode-host 127.0.0.1 --opencode-port 4096 --connect-host ${OPENWORK_CONNECT_HOST:-127.0.0.1} --cors ${OPENWORK_CORS_ORIGINS:-'*'} --approval ${OPENWORK_APPROVAL_MODE:-manual} --allow-external --sidecar-source external --openwork-server-bin /repo/apps/server/bin/openwork-server.mjs --no-opencode-router
<sanitized>             bun apps/orchestrator/src/cli.ts serve --workspace /workspace --remote-access --openwork-port 8787 --opencode-host 127.0.0.1 --opencode-port 4096 --connect-host 192.168.1.51 --cors AGENTS.md CODE_OF_CONDUCT.md LICENSE README.md SECURITY.md STATS.md STATS_V2.md SUPPORT.md TRANSLATIONS.md app-demo.gif apps changelog constants.json deploy docs ee evals examples node_modules openwork-logo-transparent.svg package-lock.json package.json packages packaging patches pnpm-lock.yaml pnpm-workspace.yaml prds scripts skills-lock.json translated_readmes turbo.json --approval manual --allow-external --sidecar-source external --openwork-server-bin /repo/apps/server/bin/openwork-server.mjs --no-opencode-router
<sanitized>             /data/sidecars/opencode/1.14.38/linux-x64/opencode --version

$ ssh -i "C:/Users/Admin/.ssh/codenomad_vm" codenomad@192.168.1.51 "docker ps --format 'table {{.Names}}\t{{.Status}}\t{{.Image}}'"
NAMES                                    STATUS                                     IMAGE
openwork-worker-158_openwork-host_1      Up Less than a second (health: starting)   openwork-worker-158_openwork-host
openwork-den-static-158_web_1            Up 26 hours (healthy)                      openwork-den-static-158_web
openwork-den-static-158_den_1            Up 26 hours (healthy)                      openwork-den-static-158_den
openwork-den-static-158_worker-proxy_1   Up 26 hours (healthy)                      openwork-den-static-158_worker-proxy
openwork-den-static-158_mysql_1          Up 26 hours (healthy)                      mysql:8.4
